// Jest Snapshot v1, https://goo.gl/fbAQLP

exports[`<DeviceToolbar /> 1`] = `
<div
  className="directory-list-toolbar"
>
  <div
    className="directory-list-toolbar-top"
  >
    <div
      className="directory-list-toolbar-device"
    >
      <span
        className="directory-list-toolbar-device-model"
      >
        SM G999V
      </span>
      <span
        className="directory-list-toolbar-device-serial"
      >
        ffffbeefface
      </span>
    </div>
    <div
      className="directory-list-toolbar-download"
    >
      <button
        className="directory-list-toolbar-download-button"
        onClick={[Function]}
      >
        <i
          className="fas fa-download directory-list-toolbar-download-icon"
        />
        Download this folder
      </button>
      <div
        className="directory-list-toolbar-path-destination"
      >
        Files will be downloaded to
         
        <a
          className="directory-list-toolbar-path-link"
          href="#changepath"
          onClick={[Function]}
        />
      </div>
    </div>
  </div>
  <div
    className="directory-list-toolbar-path"
  >
    <span
      className="directory-list-toolbar-crumb"
    >
      <span
        className="directory-list-toolbar-crumb-sep"
      >
        /
      </span>
      <a
        className="directory-list-toolbar-crumb-link"
        data-path=""
        href="#dir"
        onClick={[Function]}
      >
        root
      </a>
    </span>
    <span
      className="directory-list-toolbar-crumb"
    >
      <span
        className="directory-list-toolbar-crumb-sep"
      >
        /
      </span>
      <a
        className="directory-list-toolbar-crumb-link"
        data-path="storage"
        href="#dir"
        onClick={[Function]}
      >
        storage
      </a>
    </span>
    <span
      className="directory-list-toolbar-crumb"
    >
      <span
        className="directory-list-toolbar-crumb-sep"
      >
        /
      </span>
      <a
        className="directory-list-toolbar-crumb-link"
        data-path="storage|#emulated"
        href="#dir"
        onClick={[Function]}
      >
        emulated
      </a>
    </span>
    <span
      className="directory-list-toolbar-crumb"
    >
      <span
        className="directory-list-toolbar-crumb-sep"
      >
        /
      </span>
      <a
        className="directory-list-toolbar-crumb-link"
        data-path="storage|#emulated|#0"
        href="#dir"
        onClick={[Function]}
      >
        0
      </a>
    </span>
    <span
      className="directory-list-toolbar-crumb"
    >
      <span
        className="directory-list-toolbar-crumb-sep"
      >
        /
      </span>
      <a
        className="directory-list-toolbar-crumb-link"
        data-path="storage|#emulated|#0|#DCIM"
        href="#dir"
        onClick={[Function]}
      >
        DCIM
      </a>
    </span>
  </div>
</div>
`;

exports[`<DeviceToolbar /> should render nothing without a device 1`] = `null`;
